// Jest Snapshot v1, https://goo.gl/fbAQLP

exports[`(Component) ProductList should pass snapshot test 1`] = `
<div
  data-testid="ProductList-wrapper"
>
  <section>
    <div
      data-testid="ProductListItem-wrapper"
    >
      <a
        href="/1"
        onClick={[Function]}
      >
        <div
          className="undefined undefined"
        >
          <img
            data-testid="ProductImage-wrapper"
            src="images/image_1.png"
          />
        </div>
        <section>
          <div>
            Light pink shoes
          </div>
          <div>
            <span>
              Ұ51
            </span>
            <span
              data-testid="Like-wrapper"
            >
              <SvgIcon
                height={15}
                width={15}
              />
              <span>
                91
              </span>
            </span>
          </div>
        </section>
      </a>
    </div>
    <div
      data-testid="ProductListItem-wrapper"
    >
      <a
        href="/2"
        onClick={[Function]}
      >
        <div
          className="undefined undefined"
        >
          <div>
            <span>
              SOLD
            </span>
          </div>
          <img
            data-testid="ProductImage-wrapper"
            src="images/image_2.png"
          />
        </div>
        <section>
          <div>
            Vegan leather bag
          </div>
          <div>
            <span>
              Ұ10000
            </span>
            <span
              data-testid="Like-wrapper"
            >
              <SvgIcon
                height={15}
                width={15}
              />
              <span>
                0
              </span>
            </span>
          </div>
        </section>
      </a>
    </div>
  </section>
</div>
`;
